// Jest Snapshot v1, https://goo.gl/fbAQLP

exports[`signing simple signature 1`] = `"H/Va9HnIdDEr6FlScacwtXN2qUZIfXfwIEQoPOTNPGOjGXen90TXNUq5l6r0HAKDZYqi5q91V/s9A37ipkqOf2U="`;

exports[`signing verify signature 1`] = `"IFucd96TCXysqhy0SJtpv4wOxOvgQpQBjlwQ5nv2UoFzGqhQm347psGrW3r0VxZS2PldMdSQsQ2GhiLqiQJV58I="`;
